[templates.hibootstrap.com/zoben/default/index-2.html]
[templates.hibootstrap.com/zoben/default/assets/css/bootstrap.min.css]
[templates.hibootstrap.com/zoben/default/assets/css/animate.min.css]
[templates.hibootstrap.com/zoben/default/assets/fonts/remixicon.css]
[templates.hibootstrap.com/zoben/default/assets/css/owl.carousel.min.css]
[templates.hibootstrap.com/zoben/default/assets/css/owl.theme.default.min.css]
[templates.hibootstrap.com/zoben/default/assets/css/metismenu.min.css]
[templates.hibootstrap.com/zoben/default/assets/css/simplebar.min.css]
[templates.hibootstrap.com/zoben/default/assets/css/dropzone.min.css]
[templates.hibootstrap.com/zoben/default/assets/css/magnific-popup.css]
[templates.hibootstrap.com/zoben/default/assets/css/odometer.min.css]
[templates.hibootstrap.com/zoben/default/assets/css/meanmenu.min.css]
[templates.hibootstrap.com/zoben/default/assets/css/style.css]
[backblue.gif]
[fade.gif]
[index.html]
[templates.hibootstrap.com/zoben/default/assets/css/responsive.css]
[templates.hibootstrap.com/zoben/default/assets/images/favicon.png]
[templates.hibootstrap.com/zoben/default/index.html]
[templates.hibootstrap.com/zoben/default/assets/images/logo.png]
[templates.hibootstrap.com/zoben/default/index-3.html]
[templates.hibootstrap.com/zoben/default/job-listing.html]
[templates.hibootstrap.com/zoben/default/post-job.html]
[templates.hibootstrap.com/zoben/default/job-details.html]
[templates.hibootstrap.com/zoben/default/employers-listing.html]
[templates.hibootstrap.com/zoben/default/employers-details.html]
[templates.hibootstrap.com/zoben/default/dashboard.html]
[templates.hibootstrap.com/zoben/default/candidates-listing.html]
[templates.hibootstrap.com/zoben/default/candidates-details.html]
[templates.hibootstrap.com/zoben/default/candidates-dashboard.html]
[templates.hibootstrap.com/zoben/default/blog-1.html]
[templates.hibootstrap.com/zoben/default/blog-2.html]
[templates.hibootstrap.com/zoben/default/blog-3.html]
[templates.hibootstrap.com/zoben/default/blog-details.html]
[templates.hibootstrap.com/zoben/default/categories.html]
[templates.hibootstrap.com/zoben/default/tags.html]
[templates.hibootstrap.com/zoben/default/about.html]
[templates.hibootstrap.com/zoben/default/contact.html]
[templates.hibootstrap.com/zoben/default/testimonials.html]
[templates.hibootstrap.com/zoben/default/freelancer.html]
[templates.hibootstrap.com/zoben/default/freelancer-details.html]
[templates.hibootstrap.com/zoben/default/dashboard-invoice.html]
[templates.hibootstrap.com/zoben/default/company.html]
[templates.hibootstrap.com/zoben/default/company-details.html]
[templates.hibootstrap.com/zoben/default/search-job.html]
[templates.hibootstrap.com/zoben/default/pricing.html]
[templates.hibootstrap.com/zoben/default/faq.html]
[templates.hibootstrap.com/zoben/default/log-in-register.html]
[templates.hibootstrap.com/zoben/default/forgot-password.html]
[templates.hibootstrap.com/zoben/default/terms-condition.html]
[templates.hibootstrap.com/zoben/default/privacy-policy.html]
[templates.hibootstrap.com/zoben/default/404.html]
[templates.hibootstrap.com/zoben/default/coming-soon.html]
[templates.hibootstrap.com/zoben/default/assets/images/home-two/home-two-img1.jpg]
[templates.hibootstrap.com/zoben/default/assets/images/home-two/home-two-img2.png]
[templates.hibootstrap.com/zoben/default/assets/images/home-two/man.png]
[templates.hibootstrap.com/zoben/default/assets/images/home-two/flag.png]
[templates.hibootstrap.com/zoben/default/assets/images/company/company-img1.jpg]
[templates.hibootstrap.com/zoben/default/assets/images/company/company-img2.jpg]
[templates.hibootstrap.com/zoben/default/assets/images/company/company-img3.jpg]
[templates.hibootstrap.com/zoben/default/assets/images/company/company-img4.jpg]
[templates.hibootstrap.com/zoben/default/assets/images/company/company-img5.jpg]
[templates.hibootstrap.com/zoben/default/assets/images/recent-job/recent-job4.jpg]
[templates.hibootstrap.com/zoben/default/assets/images/recent-job/recent-job5.jpg]
[templates.hibootstrap.com/zoben/default/assets/images/recent-job/recent-job6.jpg]
[templates.hibootstrap.com/zoben/default/assets/images/recent-job/recent-job7.jpg]
[templates.hibootstrap.com/zoben/default/assets/images/recent-job/recent-job8.jpg]
[templates.hibootstrap.com/zoben/default/assets/images/recent-job/recent-job9.jpg]
[templates.hibootstrap.com/zoben/default/assets/images/career/career-img1.jpg]
[templates.hibootstrap.com/zoben/default/assets/images/career/career-img2.jpg]
[templates.hibootstrap.com/zoben/default/assets/images/career/career-img3.jpg]
[templates.hibootstrap.com/zoben/default/assets/images/career/career-img4.jpg]
[templates.hibootstrap.com/zoben/default/assets/images/career/career-user.png]
[templates.hibootstrap.com/zoben/default/assets/images/user-img/user-img1.jpg]
[templates.hibootstrap.com/zoben/default/assets/images/user-img/user-img2.jpg]
[templates.hibootstrap.com/zoben/default/assets/images/user-img/user-img3.jpg]
[templates.hibootstrap.com/zoben/default/assets/images/user-img/user-img4.jpg]
[templates.hibootstrap.com/zoben/default/assets/images/user-img/user-img5.jpg]
[templates.hibootstrap.com/zoben/default/assets/images/testimonials/testimonials-img1.jpg]
[templates.hibootstrap.com/zoben/default/assets/images/testimonials/testimonials-img2.jpg]
[templates.hibootstrap.com/zoben/default/assets/images/testimonials/testimonials-img3.jpg]
[templates.hibootstrap.com/zoben/default/assets/images/recent-job/recent-job1.jpg]
[templates.hibootstrap.com/zoben/default/assets/images/recent-job/recent-job2.jpg]
[templates.hibootstrap.com/zoben/default/assets/images/recent-job/recent-job3.jpg]
[templates.hibootstrap.com/zoben/default/assets/images/blog/blog-img1.jpg]
[templates.hibootstrap.com/zoben/default/assets/images/blog/blog-img2.jpg]
[templates.hibootstrap.com/zoben/default/assets/images/blog/blog-img3.jpg]
[templates.hibootstrap.com/zoben/default/dashboard-packages.html]
[templates.hibootstrap.com/zoben/default/dashboard-submit-resume.html]
[templates.hibootstrap.com/cdn-cgi/scripts/5c5dd728/cloudflare-static/email-decode.min.js]
[templates.hibootstrap.com/zoben/default/assets/js/jquery.min.js]
[templates.hibootstrap.com/zoben/default/assets/js/bootstrap.bundle.min.js]
[templates.hibootstrap.com/zoben/default/assets/js/jquery.magnific-popup.min.js]
[templates.hibootstrap.com/zoben/default/assets/js/odometer.min.js]
[templates.hibootstrap.com/zoben/default/assets/js/jquery.appear.min.js]
[templates.hibootstrap.com/zoben/default/assets/js/meanmenu.min.js]
[templates.hibootstrap.com/zoben/default/assets/js/metismenu.min.js]
[templates.hibootstrap.com/zoben/default/assets/js/simplebar.min.js]
[templates.hibootstrap.com/zoben/default/assets/js/dropzone.min.js]
[templates.hibootstrap.com/zoben/default/assets/js/sticky-sidebar.min.js]
[templates.hibootstrap.com/zoben/default/assets/js/tweenMax.min.js]
[templates.hibootstrap.com/zoben/default/assets/js/owl.carousel.min.js]
[templates.hibootstrap.com/zoben/default/assets/js/wow.min.js]
[templates.hibootstrap.com/zoben/default/assets/js/jquery.ajaxchimp.min.js]
[templates.hibootstrap.com/zoben/default/assets/js/form-validator.min.js]
[templates.hibootstrap.com/zoben/default/assets/js/contact-form-script.js]
[templates.hibootstrap.com/zoben/default/index-2.html]
[templates.hibootstrap.com/zoben/default/assets/css/bootstrap.min.css]
[templates.hibootstrap.com/zoben/default/assets/css/animate.min.css]
[templates.hibootstrap.com/zoben/default/assets/js/custom.js]
[templates.hibootstrap.com/zoben/default/assets/fonts/remixicondf6d.eot]
[templates.hibootstrap.com/zoben/default/assets/fonts/remixicondf6d.woff2]
[templates.hibootstrap.com/zoben/default/assets/fonts/remixicondf6d.woff]
[templates.hibootstrap.com/zoben/default/assets/fonts/remixicondf6d.ttf]
[templates.hibootstrap.com/zoben/default/assets/fonts/remixicon.css]
[templates.hibootstrap.com/zoben/default/assets/fonts/remixicondf6d.svg]
[templates.hibootstrap.com/zoben/default/assets/css/owl.video.play.png]
[templates.hibootstrap.com/zoben/default/assets/css/owl.carousel.min.css]
[templates.hibootstrap.com/zoben/default/assets/css/owl.theme.default.min.css]
[templates.hibootstrap.com/zoben/default/assets/css/metismenu.min.css]
[templates.hibootstrap.com/zoben/default/assets/css/simplebar.min.css]
[templates.hibootstrap.com/zoben/default/assets/css/dropzone.min.css]
[templates.hibootstrap.com/zoben/default/assets/css/magnific-popup.css]
[templates.hibootstrap.com/zoben/default/assets/css/odometer.min.css]
[templates.hibootstrap.com/zoben/default/assets/css/meanmenu.min.css]
[templates.hibootstrap.com/zoben/default/assets/css/dashboard.css]
[templates.hibootstrap.com/zoben/default/assets/images/home-three/home-three-bg.png]
[templates.hibootstrap.com/zoben/default/assets/images/employers-details.jpg]
[templates.hibootstrap.com/zoben/default/assets/images/job-details.jpg]
[templates.hibootstrap.com/zoben/default/assets/css/style.css]
[templates.hibootstrap.com/zoben/default/assets/css/responsive.css]
[templates.hibootstrap.com/zoben/default/assets/images/home-one/home-one-img.png]
[templates.hibootstrap.com/zoben/default/assets/images/home-one/home-one-icon3.png]
[templates.hibootstrap.com/zoben/default/assets/images/home-one/user1.jpg]
[templates.hibootstrap.com/zoben/default/assets/images/home-one/user2.jpg]
[templates.hibootstrap.com/zoben/default/assets/images/home-one/home-one-icon1.png]
[templates.hibootstrap.com/zoben/default/assets/images/home-one/home-one-icon2.png]
[templates.hibootstrap.com/zoben/default/assets/images/home-one/home-one-icon4.png]
[templates.hibootstrap.com/zoben/default/assets/images/home-one/shape1.png]
[templates.hibootstrap.com/zoben/default/assets/images/home-one/shape2.png]
[templates.hibootstrap.com/zoben/default/assets/images/find-jobs/find-jobs1.jpg]
[templates.hibootstrap.com/zoben/default/candidates-dashboard-applied-job.html]
[templates.hibootstrap.com/zoben/default/assets/images/find-jobs/find-jobs2.jpg]
[templates.hibootstrap.com/zoben/default/assets/images/find-jobs/find-jobs3.jpg]
[templates.hibootstrap.com/zoben/default/assets/images/find-jobs/find-jobs4.jpg]
[templates.hibootstrap.com/zoben/default/assets/images/freelancers/freelancers-img1.jpg]
[templates.hibootstrap.com/zoben/default/assets/images/freelancers/flag.png]
[templates.hibootstrap.com/zoben/default/assets/images/freelancers/freelancers-img2.jpg]
[templates.hibootstrap.com/zoben/default/assets/images/freelancers/freelancers-img3.jpg]
[templates.hibootstrap.com/zoben/default/index.html]
[templates.hibootstrap.com/zoben/default/assets/images/home-three/user2.jpg]
[templates.hibootstrap.com/zoben/default/assets/images/home-three/home-three-icon2.png]
[templates.hibootstrap.com/zoben/default/assets/images/home-three/user1.jpg]
[templates.hibootstrap.com/zoben/default/assets/images/home-three/home-three-shape1.jpg]
[templates.hibootstrap.com/zoben/default/assets/images/home-three/home-three-icon4.png]
[templates.hibootstrap.com/zoben/default/assets/images/home-three/home-three-icon1.png]
[templates.hibootstrap.com/zoben/default/assets/images/home-three/home-three-shape2.jpg]
[templates.hibootstrap.com/zoben/default/assets/images/home-three/user4.jpg]
[templates.hibootstrap.com/zoben/default/assets/images/home-three/user3.jpg]
[templates.hibootstrap.com/zoben/default/assets/images/home-three/home-three-icon3.png]
[templates.hibootstrap.com/zoben/default/assets/images/recent-job/recent-job10.jpg]
[templates.hibootstrap.com/zoben/default/assets/images/recent-job/recent-job11.jpg]
[templates.hibootstrap.com/zoben/default/assets/images/recent-job/recent-job12.jpg]
[templates.hibootstrap.com/zoben/default/assets/images/company/company-img6.jpg]
[templates.hibootstrap.com/zoben/default/assets/images/company/company-img7.jpg]
[templates.hibootstrap.com/zoben/default/assets/images/company/company-img8.jpg]
[templates.hibootstrap.com/zoben/default/index-3.html]
[templates.hibootstrap.com/zoben/default/assets/images/alarm.png]
[templates.hibootstrap.com/zoben/default/job-listing.html]
[templates.hibootstrap.com/zoben/default/post-job.html]
[templates.hibootstrap.com/zoben/default/assets/images/blog/blog-details-img2.jpg]
[templates.hibootstrap.com/zoben/default/assets/images/blog/blog-details-img3.jpg]
[templates.hibootstrap.com/zoben/default/assets/images/blog/blog-details-img4.jpg]
[templates.hibootstrap.com/zoben/default/assets/images/blog/blog-details-img5.jpg]
[templates.hibootstrap.com/zoben/default/job-details.html]
[templates.hibootstrap.com/zoben/default/dashboard-messages.html]
[templates.hibootstrap.com/zoben/default/job-details.htmlemployers-details.html]
[templates.hibootstrap.com/zoben/default/employers-listing.html]
[templates.hibootstrap.com/zoben/default/employers-details.html]
[templates.hibootstrap.com/zoben/default/dashboard-company-profile.html]
[templates.hibootstrap.com/zoben/default/dashboard-post-job.html]
[templates.hibootstrap.com/zoben/default/dashboard-manage-job.html]
[templates.hibootstrap.com/zoben/default/dashboard-applicants.html]
[templates.hibootstrap.com/zoben/default/dashboard-shorlisted-resume.html]
[templates.hibootstrap.com/zoben/default/dashboard-resume-alerts.html]
[templates.hibootstrap.com/zoben/default/dashboard-change-password.html]
[templates.hibootstrap.com/zoben/default/dashboard-my-profile.html]
[templates.hibootstrap.com/zoben/default/assets/images/user-img/user-img-other1.jpg]
[templates.hibootstrap.com/zoben/default/assets/images/user-img/user-img-other2.jpg]
[templates.hibootstrap.com/zoben/default/assets/images/user-img/user-img-other3.jpg]
[templates.hibootstrap.com/zoben/default/assets/images/user-img/user-img-other4.jpg]
[templates.hibootstrap.com/zoben/default/assets/images/user-img/user-img-other5.jpg]
[templates.hibootstrap.com/zoben/default/dashboard.html]
[templates.hibootstrap.com/zoben/default/assets/images/user-img/user-img-other6.jpg]
[templates.hibootstrap.com/zoben/default/assets/images/freelancers/freelancers-img4.jpg]
[templates.hibootstrap.com/zoben/default/assets/images/freelancers/freelancers-img5.jpg]
[templates.hibootstrap.com/zoben/default/assets/images/freelancers/freelancers-img6.jpg]
[templates.hibootstrap.com/zoben/default/assets/images/freelancers/freelancers-img7.jpg]
[templates.hibootstrap.com/zoben/default/assets/images/freelancers/freelancers-img8.jpg]
[templates.hibootstrap.com/zoben/default/assets/images/freelancers/freelancers-img9.jpg]
[templates.hibootstrap.com/zoben/default/candidates-listing.html]
[templates.hibootstrap.com/zoben/default/assets/js/range-slider.min.js]
[templates.hibootstrap.com/zoben/default/assets/images/recent-job/recent-job13.jpg]
[templates.hibootstrap.com/zoben/default/assets/images/recent-job/recent-job14.jpg]
[templates.hibootstrap.com/zoben/default/assets/images/user-img/flag.png]
[templates.hibootstrap.com/zoben/default/candidates-details.html]
[templates.hibootstrap.com/zoben/default/candidates-dashboard-my-profile.html]
[templates.hibootstrap.com/zoben/default/candidates-dashboard-my-resume.html]
[templates.hibootstrap.com/zoben/default/candidates-dashboard-job-alerts.html]
[templates.hibootstrap.com/zoben/default/candidates-dashboard-shortlisted-job.html]
[templates.hibootstrap.com/zoben/default/candidates-dashboard.html]
[templates.hibootstrap.com/zoben/default/candidates-dashboard-cv-manager.html]
[templates.hibootstrap.com/zoben/default/assets/images/blog/blog-img4.jpg]
[templates.hibootstrap.com/zoben/default/assets/images/blog/blog-img5.jpg]
[templates.hibootstrap.com/zoben/default/assets/images/blog/blog-img6.jpg]
[templates.hibootstrap.com/zoben/default/assets/images/blog/blog-img7.jpg]
[templates.hibootstrap.com/zoben/default/assets/images/blog/blog-img8.jpg]
[templates.hibootstrap.com/zoben/default/assets/images/blog/blog-img9.jpg]
[templates.hibootstrap.com/zoben/default/blog-1.html]
[templates.hibootstrap.com/zoben/default/blog-2.html]
[templates.hibootstrap.com/zoben/default/blog-3.html]
[templates.hibootstrap.com/zoben/default/assets/images/blog/blog-user.jpg]
[templates.hibootstrap.com/zoben/default/blog-details.html]
[templates.hibootstrap.com/zoben/default/assets/images/blog/blog-details-img1.jpg]
[templates.hibootstrap.com/zoben/default/categories.html]
[templates.hibootstrap.com/zoben/default/tags.html]
[templates.hibootstrap.com/zoben/default/assets/images/about-img1.jpg]
[templates.hibootstrap.com/zoben/default/assets/images/about-img2.jpg]
[templates.hibootstrap.com/zoben/default/about.html]
[templates.hibootstrap.com/zoben/default/contact.html]
[templates.hibootstrap.com/zoben/default/testimonials.html]
[templates.hibootstrap.com/zoben/default/freelancer.html]
[templates.hibootstrap.com/zoben/default/candidate-dashboard-resume.html]
[templates.hibootstrap.com/zoben/default/freelancer-details.html]
[templates.hibootstrap.com/zoben/default/dashboard-invoice.html]
[templates.hibootstrap.com/zoben/default/company.html]
[templates.hibootstrap.com/zoben/default/assets/images/company/company-details-img1.jpg]
[templates.hibootstrap.com/zoben/default/company-details.html]
[templates.hibootstrap.com/zoben/default/search-job.html]
[templates.hibootstrap.com/zoben/default/pricing.html]
[templates.hibootstrap.com/zoben/default/faq.html]
[templates.hibootstrap.com/zoben/default/log-in-register.html]
[templates.hibootstrap.com/zoben/default/forgot-password.html]
[templates.hibootstrap.com/zoben/default/terms-condition.html]
[templates.hibootstrap.com/zoben/default/privacy-policy.html]
[templates.hibootstrap.com/zoben/default/404.html]
[templates.hibootstrap.com/zoben/default/coming-soon.html]
[templates.hibootstrap.com/zoben/default/dashboard-packages.html]
[templates.hibootstrap.com/zoben/default/dashboard-submit-resume.html]
[templates.hibootstrap.com/zoben/default/assets/fonts/remixicondf6d.svg]
[templates.hibootstrap.com/zoben/default/assets/css/owl.video.play.html]
[templates.hibootstrap.com/zoben/default/assets/css/dashboard.css]
[templates.hibootstrap.com/zoben/default/candidates-dashboard-applied-job.html]
[templates.hibootstrap.com/zoben/default/assets/images/user-img/user-img-other7.jpg]
[templates.hibootstrap.com/zoben/default/assets/images/user-img/user-img-other8.jpg]
[templates.hibootstrap.com/zoben/default/assets/images/user-img/user-img-other9.jpg]
[templates.hibootstrap.com/zoben/default/dashboard-messages.html]
[templates.hibootstrap.com/zoben/default/job-details.htmlemployers-details.html]
[templates.hibootstrap.com/zoben/default/dashboard-company-profile.html]
[templates.hibootstrap.com/zoben/default/dashboard-post-job.html]
[templates.hibootstrap.com/zoben/default/dashboard-manage-job.html]
[templates.hibootstrap.com/zoben/default/dashboard-applicants.html]
[templates.hibootstrap.com/zoben/default/dashboard-shorlisted-resume.html]
[templates.hibootstrap.com/zoben/default/dashboard-resume-alerts.html]
[templates.hibootstrap.com/zoben/default/dashboard-change-password.html]
[templates.hibootstrap.com/zoben/default/dashboard-my-profile.html]
[templates.hibootstrap.com/zoben/default/candidates-dashboard-my-profile.html]
[templates.hibootstrap.com/zoben/default/candidates-dashboard-my-resume.html]
[templates.hibootstrap.com/zoben/default/candidates-dashboard-job-alerts.html]
[templates.hibootstrap.com/zoben/default/candidates-dashboard-shortlisted-job.html]
[templates.hibootstrap.com/zoben/default/candidates-dashboard-cv-manager.html]
[templates.hibootstrap.com/zoben/default/candidate-dashboard-resume.html]
